// Jest Snapshot v1, https://goo.gl/fbAQLP

exports[`should render Expense DashBoard Page 1`] = `
<div>
  <ExpenseSummary
    expensesCount={3}
    expensesTotal={45000}
  />
  <Connect(ExpenseListFilters) />
  <Connect(ExpenseList) />
</div>
`;
