// Jest Snapshot v1, https://goo.gl/fbAQLP

exports[`should render header component correctly 1`] = `
<header>
  <h1>
    Expensify
  </h1>
  <NavLink
    activeClassName="is-active"
    aria-current="page"
    to="/dashboard"
  >
    DashBoard  
  </NavLink>
  <NavLink
    activeClassName="is-active"
    aria-current="page"
    to="/create"
  >
    Create Expense  
  </NavLink>
  <button
    onClick={[Function]}
  >
    Log Out
  </button>
</header>
`;
